<html>
<body>
<pre>
<h1>µVision Build Log</h1>
<h2>Project:</h2>
E:\keil5\2015¹úÈü - ±ê×¼end\USER\Template.uvproj
Project File Date:  07/28/2015

<h2>Output:</h2>
Build target 'Template'
compiling bsp_ov7725.c...
..\HARDWARE\bsp_ov7725.c(514): warning:  #9-D: nested comment is not allowed
  /*·½°¸2£º
..\HARDWARE\bsp_ov7725.c(984): warning:  #223-D: function "printf" declared implicitly
                        if(rang>3) printf("rang>2");
..\HARDWARE\bsp_ov7725.c(1009): warning:  #223-D: function "printf" declared implicitly
                                  printf("xielvs[%d][0]=%d,xielvs[%d][1]=%d\n",xielv,xielvs[xielv][0],xielv,xielvs[xielv][1]);
..\HARDWARE\bsp_ov7725.c(1058): warning:  #223-D: function "printf" declared implicitly
                        if(baohu<120)   {printf("2Í¼Ïñ´óÓÒ¹Õ"); return 5;}
..\HARDWARE\bsp_ov7725.c(1059): warning:  #223-D: function "printf" declared implicitly
                        else if(baohu>220)  {printf("Í¼ÏñÐ¡×ó¹Õ"); return 1;}
..\HARDWARE\bsp_ov7725.c(1060): warning:  #223-D: function "printf" declared implicitly
                        else if(baohu>190)  {printf("Í¼ÏñÐ¡×ó¹Õ"); return 2;}
..\HARDWARE\bsp_ov7725.c(1064): warning:  #223-D: function "printf" declared implicitly
                                printf("2ÓÒ¹Õ"); return 6;
..\HARDWARE\bsp_ov7725.c(1068): warning:  #223-D: function "printf" declared implicitly
                                printf("2ÓÒ¹Õ"); return 5;
..\HARDWARE\bsp_ov7725.c(1072): warning:  #223-D: function "printf" declared implicitly
                                printf("2×ó¹Õ"); return 1;
..\HARDWARE\bsp_ov7725.c(1076): warning:  #223-D: function "printf" declared implicitly
                                printf("2×ó¹Õ"); return 2;
..\HARDWARE\bsp_ov7725.c(1080): warning:  #223-D: function "printf" declared implicitly
                                printf("2×ó¹Õ"); return 3;
..\HARDWARE\bsp_ov7725.c(1082): warning:  #223-D: function "printf" declared implicitly
                        else { printf("goto ZZU"); goto ZZU; }
..\HARDWARE\bsp_ov7725.c(1086): warning:  #223-D: function "printf" declared implicitly
                        if(baohu<120)   {printf("2Í¼Ïñ´óÓÒ¹Õ"); return 5;}
..\HARDWARE\bsp_ov7725.c(1087): warning:  #223-D: function "printf" declared implicitly
                        else if(baohu>220)  {printf("Í¼ÏñÐ¡×ó¹Õ"); return 1;}
..\HARDWARE\bsp_ov7725.c(1088): warning:  #223-D: function "printf" declared implicitly
                        else if(baohu>190)  {printf("Í¼ÏñÐ¡×ó¹Õ"); return 2;}
..\HARDWARE\bsp_ov7725.c(1092): warning:  #223-D: function "printf" declared implicitly
                                printf("3ÓÒ¹Õ"); return 6;
..\HARDWARE\bsp_ov7725.c(1096): warning:  #223-D: function "printf" declared implicitly
                                printf("3ÓÒ¹Õ"); return 5;
..\HARDWARE\bsp_ov7725.c(1100): warning:  #223-D: function "printf" declared implicitly
                                printf("3×ó¹Õ"); return 1;
..\HARDWARE\bsp_ov7725.c(1104): warning:  #223-D: function "printf" declared implicitly
                                printf("3×ó¹Õ"); return 2;
..\HARDWARE\bsp_ov7725.c(1108): warning:  #223-D: function "printf" declared implicitly
                                printf("3×ó¹Õ"); return 3;
..\HARDWARE\bsp_ov7725.c(1110): warning:  #223-D: function "printf" declared implicitly
                        else { printf("goto ZZU"); goto ZZU; }
..\HARDWARE\bsp_ov7725.c(1113): warning:  #223-D: function "printf" declared implicitly
          ZZU: if(baohu<100)   {printf("Í¼Ïñ´óÓÒ¹Õ"); return 6;}
..\HARDWARE\bsp_ov7725.c(1114): warning:  #223-D: function "printf" declared implicitly
          else if(baohu<135)  {printf("Í¼ÏñÓÒ¹Õ"); return 5;}
..\HARDWARE\bsp_ov7725.c(1115): warning:  #223-D: function "printf" declared implicitly
          else if(baohu<180)  {printf("Í¼ÏñÖ±ÐÐ"); return 4;}
..\HARDWARE\bsp_ov7725.c(1116): warning:  #223-D: function "printf" declared implicitly
          else if(baohu<190)  {printf("Í¼ÏñÐ¡×ó¹Õ"); return 3;}
..\HARDWARE\bsp_ov7725.c(1117): warning:  #223-D: function "printf" declared implicitly
          else if(baohu<220)  {printf("Í¼Ïó×ó¹Õ"); return 2;}
..\HARDWARE\bsp_ov7725.c(1118): warning:  #223-D: function "printf" declared implicitly
                else if(baohu<320)  {printf("Í¼Ïñ´ó×ó¹Õ"); return 1;}
..\HARDWARE\bsp_ov7725.c(1119): warning:  #223-D: function "printf" declared implicitly
          else {printf("Í¼ÏñÎ´ÅÐ¶Ï"); return 4;}
..\HARDWARE\bsp_ov7725.c(1126): warning:  #223-D: function "printf" declared implicitly
                        if(xielvs[1][0]-xielvs[0][0]>7) { printf("Ò»¶þÓÒ¹Õ");return 6; }
..\HARDWARE\bsp_ov7725.c(1127): warning:  #223-D: function "printf" declared implicitly
                        else if(xielvs[1][0]-xielvs[0][0]<-7) { printf("Ò»¶þ×ó¹Õ");return 2; }
..\HARDWARE\bsp_ov7725.c(1128): warning:  #223-D: function "printf" declared implicitly
                        else { printf("Ò»¶þÖ±ÐÐ");return 4; }
..\HARDWARE\bsp_ov7725.c(1132): warning:  #223-D: function "printf" declared implicitly
                        if(xielvs[0][0]-xielvs[1][0]<xielvs[1][0]-xielvs[2][0]-2) { printf("ÍäµÀ×ó¹Õ");return 1; }
..\HARDWARE\bsp_ov7725.c(1133): warning:  #223-D: function "printf" declared implicitly
                        else if(xielvs[1][0]-xielvs[0][0]>7&&xielvs[2][0]-xielvs[0][0]>12) { printf("Ò»ÈýÓÒ¹Õ");return 6; }
..\HARDWARE\bsp_ov7725.c(1134): warning:  #223-D: function "printf" declared implicitly
                        else if(xielvs[1][0]-xielvs[0][0]<-7&&xielvs[2][0]-xielvs[0][0]<-12) { printf("Ò»Èý×ó¹Õ");return 2; }
..\HARDWARE\bsp_ov7725.c(1135): warning:  #223-D: function "printf" declared implicitly
                        else { printf("Ò»ÈýÖ±ÐÐ"); return 4; }
..\HARDWARE\bsp_ov7725.c(1137): warning:  #223-D: function "printf" declared implicitly
                else { printf("Ð±ÂÊÖ±ÐÐ");return 4; }
..\HARDWARE\bsp_ov7725.c(1139): warning:  #223-D: function "printf" declared implicitly
        else {printf("Ð±ÂÊÎ´ÅÐ¶Ï");return 4;}
..\HARDWARE\bsp_ov7725.c(1140): warning:  #1-D: last line of file ends without a newline
  }
..\HARDWARE\bsp_ov7725.c: 38 warnings, 0 errors
linking...
Program Size: Code=21472 RO-data=336 RW-data=212 ZI-data=1700  
FromELF: creating hex file...
"..\OBJ\Template.axf" - 0 Error(s), 38 Warning(s).
</pre>
</body>
</html>
28): warning:  #1295-D: Deprecated declaration r_tai1_d3 - give arg types
  void  r_tai1_d3();
action.h(29): warning:  #1295-D: Deprecated declaration r_tai1_d4 - give arg types
  void  r_tai1_d4();
action.h(30): warning:  #1-D: last line of file ends without a newline
  void  r_tai1_f();
action.h(30): warning:  #1295-D: Deprecated declaration r_tai1_f - give arg types
  void  r_tai1_f();
action.c(8): warning:  #223-D: function "Action_write" declared implicitly
                Action_write(1,517,200);
action.c(16): warning:  #223-D: function "Action" declared implicitly
                Action();
action.c(25): warning:  #223-D: function "Action_write" declared implicitly
                Action_write(1,517,200);
action.c(33): warning:  #223-D: function "Action" declared implicitly
                Action();
action.c(41): warning:  #223-D: function "Action_write" declared implicitly
                Action_write(1,517,200);
action.c(49): warning:  #223-D: function "Action" declared implicitly
                Action();
action.c(74): warning:  #223-D: function "Action_write" declared implicitly
                Action_write(1,503,200);
action.c(82): warning:  #223-D: function "Action" declared implicitly
                Action();
action.c(91): warning:  #223-D: function "Action_write" declared implicitly
                Action_write(1,485,50);
action.c(99): warning:  #223-D: function "Action" declared implicitly
                Action();
action.c(124): warning:  #223-D: function "Action_write" declared implicitly
                Action_write(1,517,50);
action.c(132): warning:  #223-D: function "Action" declared implicitly
                Action();
action.c(142): warning:  #223-D: function "Action_write" declared implicitly
                Action_write(1,474,200);
action.c(150): warning:  #223-D: function "Action" declared implicitly
                Action();
action.c(191): warning:  #223-D: function "Action_write" declared implicitly
                Action_write(1,512,400);
action.c(199): warning:  #223-D: function "Action" declared implicitly
                Action();
action.c(207): warning:  #223-D: function "Action_write" declared implicitly
                Action_write(1,512,400);
action.c(215): warning:  #223-D: function "Action" declared implicitly
                Action();
action.c(224): warning:  #223-D: function "Action_write" declared implicitly
                Action_write(1,474,400);
action.c(232): warning:  #223-D: function "Action" declared implicitly
                Action();
action.c(241): warning:  #223-D: function "Action_write" declared implicitly
                Action_write(1,512,400);
action.c(249): warning:  #223-D: function "Action" declared implicitly
                Action();
action.c(257): warning:  #223-D: function "Action_write" declared implicitly
                Action_write(1,512,400);
action.c(265): warning:  #223-D: function "Action" declared implicitly
                Action();
action.c(307): warning:  #223-D: function "Action_write" declared implicitly
                Action_write(1,517,50);
action.c(315): warning:  #223-D: function "Action" declared implicitly
                Action();
action.c(324): warning:  #223-D: function "Action_write" declared implicitly
                Action_write(1,517,200);
action.c(332): warning:  #223-D: function "Action" declared implicitly
                Action();
action.c(341): warning:  #223-D: function "Action_write" declared implicitly
                Action_write(1,507,200);
action.c(349): warning:  #223-D: function "Action" declared implicitly
                Action();
action.c(358): warning:  #223-D: function "Action_write" declared implicitly
                Action_write(1,476,50);
action.c(366): warning:  #223-D: function "Action" declared implicitly
                Action();
action.c(375): warning:  #223-D: function "Action_write" declared implicitly
                Action_write(1,515,200);
action.c(383): warning:  #223-D: function "Action" declared implicitly
                Action();
action.c(392): warning:  #223-D: function "Action_write" declared implicitly
                Action_write(1,518,600);
action.c(400): warning:  #223-D: function "Action" declared implicitly
                Action();
action.c(409): warning:  #223-D: function "Action_write" declared implicitly
                Action_write(1,484,50);
action.c(417): warning:  #223-D: function "Action" declared implicitly
                Action();
action.c(426): warning:  #223-D: function "Action_write" declared implicitly
                Action_write(1,508,50);
action.c(434): warning:  #223-D: function "Action" declared implicitly
                Action();
action.c(443): warning:  #223-D: function "Action_write" declared implicitly
                Action_write(1,537,200);
action.c(451): warning:  #223-D: function "Action" declared implicitly
                Action();
action.c(460): warning:  #223-D: function "Action_write" declared implicitly
                Action_write(1,515,200);
action.c(468): warning:  #223-D: function "Action" declared implicitly
                Action();
action.c(477): warning:  #223-D: function "Action_write" declared implicitly
                Action_write(1,484,50);
action.c(485): warning:  #223-D: function "Action" declared implicitly
                Action();
action.c(494): warning:  #223-D: function "Action_write" declared implicitly
                Action_write(1,508,50);
action.c(502): warning:  #223-D: function "Action" declared implicitly
                Action();
action.c(505): warning:  #1-D: last line of file ends without a newline
  }
action.c: 112 warnings, 0 errors
linking...
Program Size: Code=21456 RO-data=336 RW-data=212 ZI-data=1700  
FromELF: creating hex file...
"..\OBJ\Template.axf" - 0 Error(s), 112 Warning(s).
16): warning:  #223-D: function "Action" declared implicitly
                Action();
action.c(25): warning:  #223-D: function "Action_write" declared implicitly
                Action_write(1,517,200);
action.c(33): warning:  #223-D: function "Action" declared implicitly
                Action();
action.c(41): warning:  #223-D: function "Action_write" declared implicitly
                Action_write(1,517,200);
action.c(49): warning:  #223-D: function "Action" declared implicitly
                Action();
action.c(74): warning:  #223-D: function "Action_write" declared implicitly
                Action_write(1,503,200);
action.c(82): warning:  #223-D: function "Action" declared implicitly
                Action();
action.c(91): warning:  #223-D: function "Action_write" declared implicitly
                Action_write(1,485,50);
action.c(99): warning:  #223-D: function "Action" declared implicitly
                Action();
action.c(124): warning:  #223-D: function "Action_write" declared implicitly
                Action_write(1,517,50);
action.c(132): warning:  #223-D: function "Action" declared implicitly
                Action();
action.c(142): warning:  #223-D: function "Action_write" declared implicitly
                Action_write(1,474,200);
action.c(150): warning:  #223-D: function "Action" declared implicitly
                Action();
action.c(191): warning:  #223-D: function "Action_write" declared implicitly
                Action_write(1,512,400);
action.c(199): warning:  #223-D: function "Action" declared implicitly
                Action();
action.c(207): warning:  #223-D: function "Action_write" declared implicitly
                Action_write(1,512,400);
action.c(215): warning:  #223-D: function "Action" declared implicitly
                Action();
action.c(224): warning:  #223-D: function "Action_write" declared implicitly
                Action_write(1,474,400);
action.c(232): warning:  #223-D: function "Action" declared implicitly
                Action();
action.c(241): warning:  #223-D: function "Action_write" declared implicitly
                Action_write(1,512,400);
action.c(249): warning:  #223-D: function "Action" declared implicitly
                Action();
action.c(257): warning:  #223-D: function "Action_write" declared implicitly
                Action_write(1,512,400);
action.c(265): warning:  #223-D: function "Action" declared implicitly
                Action();
action.c(307): warning:  #223-D: function "Action_write" declared implicitly
                Action_write(1,517,50);
action.c(315): warning:  #223-D: function "Action" declared implicitly
                Action();
action.c(324): warning:  #223-D: function "Action_write" declared implicitly
                Action_write(1,517,200);
action.c(332): warning:  #223-D: function "Action" declared implicitly
                Action();
action.c(341): warning:  #223-D: function "Action_write" declared implicitly
                Action_write(1,507,200);
action.c(349): warning:  #223-D: function "Action" declared implicitly
                Action();
action.c(358): warning:  #223-D: function "Action_write" declared implicitly
                Action_write(1,476,50);
action.c(366): warning:  #223-D: function "Action" declared implicitly
                Action();
action.c(375): warning:  #223-D: function "Action_write" declared implicitly
                Action_write(1,515,200);
action.c(383): warning:  #223-D: function "Action" declared implicitly
                Action();
action.c(392): warning:  #223-D: function "Action_write" declared implicitly
                Action_write(1,518,600);
action.c(400): warning:  #223-D: function "Action" declared implicitly
                Action();
action.c(409): warning:  #223-D: function "Action_write" declared implicitly
                Action_write(1,484,50);
action.c(417): warning:  #223-D: function "Action" declared implicitly
                Action();
action.c(426): warning:  #223-D: function "Action_write" declared implicitly
                Action_write(1,508,50);
action.c(434): warning:  #223-D: function "Action" declared implicitly
                Action();
action.c(443): warning:  #223-D: function "Action_write" declared implicitly
                Action_write(1,537,200);
action.c(451): warning:  #223-D: function "Action" declared implicitly
                Action();
action.c(460): warning:  #223-D: function "Action_write" declared implicitly
                Action_write(1,515,200);
action.c(468): warning:  #223-D: function "Action" declared implicitly
                Action();
action.c(477): warning:  #223-D: function "Action_write" declared implicitly
                Action_write(1,484,50);
action.c(485): warning:  #223-D: function "Action" declared implicitly
                Action();
action.c(494): warning:  #223-D: function "Action_write" declared implicitly
                Action_write(1,508,50);
action.c(502): warning:  #223-D: function "Action" declared implicitly
                Action();
action.c(505): warning:  #1-D: last line of file ends without a newline
  }
action.c: 112 warnings, 0 errors
linking...
Program Size: Code=21176 RO-data=336 RW-data=212 ZI-data=1700  
FromELF: creating hex file...
"..\OBJ\Template.axf" - 0 Error(s), 160 Warning(s).
rning:  #223-D: function "printf" declared implicitly
                        else { printf("2Ö±ÐÐ");return 4;}
..\HARDWARE\bsp_ov7725.c(748): warning:  #223-D: function "printf" declared implicitly
                                printf("3ÓÒ¹Õ"); return 6;
..\HARDWARE\bsp_ov7725.c(752): warning:  #223-D: function "printf" declared implicitly
                                printf("3ÓÒ¹Õ"); return 5;
..\HARDWARE\bsp_ov7725.c(756): warning:  #223-D: function "printf" declared implicitly
                                printf("3×ó¹Õ"); return 1;
..\HARDWARE\bsp_ov7725.c(760): warning:  #223-D: function "printf" declared implicitly
                                printf("3×ó¹Õ"); return 3;
..\HARDWARE\bsp_ov7725.c(762): warning:  #223-D: function "printf" declared implicitly
                        else { printf("3Ö±ÐÐ");return 4;}
..\HARDWARE\bsp_ov7725.c(764): warning:  #223-D: function "printf" declared implicitly
          else if(baohu<70)   {printf("Í¼Ïñ´óÓÒ¹Õ"); return 6;}
..\HARDWARE\bsp_ov7725.c(765): warning:  #223-D: function "printf" declared implicitly
          else if(baohu<130)  {printf("Í¼ÏñÓÒ¹Õ"); return 5;}
..\HARDWARE\bsp_ov7725.c(766): warning:  #223-D: function "printf" declared implicitly
          else if(baohu<170)  {printf("Í¼ÏñÖ±ÐÐ"); return 4;}
..\HARDWARE\bsp_ov7725.c(767): warning:  #223-D: function "printf" declared implicitly
          else if(baohu<180)  {printf("Í¼ÏñÐ¡×ó¹Õ"); return 3;}
..\HARDWARE\bsp_ov7725.c(768): warning:  #223-D: function "printf" declared implicitly
          else if(baohu<200)  {printf("Í¼Ïó×ó¹Õ"); return 2;}
..\HARDWARE\bsp_ov7725.c(769): warning:  #223-D: function "printf" declared implicitly
                else if(baohu<320)  {printf("Í¼Ïñ´ó×ó¹Õ"); return 1;}
..\HARDWARE\bsp_ov7725.c(770): warning:  #223-D: function "printf" declared implicitly
          else {printf("Í¼ÏñÎ´ÅÐ¶Ï"); return 4;}
..\HARDWARE\bsp_ov7725.c(777): warning:  #223-D: function "printf" declared implicitly
                        if(xielvs[1][0]-xielvs[0][0]>7) { printf("Ò»¶þÓÒ¹Õ");return 5; }
..\HARDWARE\bsp_ov7725.c(778): warning:  #223-D: function "printf" declared implicitly
                        else if(xielvs[1][0]-xielvs[0][0]<-7) { printf("Ò»¶þ×ó¹Õ");return 2; }
..\HARDWARE\bsp_ov7725.c(779): warning:  #223-D: function "printf" declared implicitly
                        else { printf("Ò»¶þÖ±ÐÐ");return 4; }
..\HARDWARE\bsp_ov7725.c(783): warning:  #223-D: function "printf" declared implicitly
                        if(xielvs[0][0]-xielvs[1][0]<xielvs[1][0]-xielvs[2][0]-2) { printf("ÍäµÀ×ó¹Õ");return 1; }
..\HARDWARE\bsp_ov7725.c(784): warning:  #223-D: function "printf" declared implicitly
                        else if(xielvs[1][0]-xielvs[0][0]>7&&xielvs[2][0]-xielvs[0][0]>10) { printf("Ò»ÈýÓÒ¹Õ");return 5; }
..\HARDWARE\bsp_ov7725.c(785): warning:  #223-D: function "printf" declared implicitly
                        else if(xielvs[1][0]-xielvs[0][0]<-7&&xielvs[2][0]-xielvs[0][0]<-10) { printf("Ò»Èý×ó¹Õ");return 2; }
..\HARDWARE\bsp_ov7725.c(786): warning:  #223-D: function "printf" declared implicitly
                        else { printf("Ò»ÈýÖ±ÐÐ"); return 4; }
..\HARDWARE\bsp_ov7725.c(788): warning:  #223-D: function "printf" declared implicitly
                else { printf("Ð±ÂÊÖ±ÐÐ");return 4; }
..\HARDWARE\bsp_ov7725.c(790): warning:  #223-D: function "printf" declared implicitly
        else {printf("Ð±ÂÊÎ´ÅÐ¶Ï");return 4;}
..\HARDWARE\bsp_ov7725.c: 29 warnings, 0 errors
compiling bsp_sccb.c...
compiling bsp_key.c...
compiling bsp_led.c...
compiling core_cm3.c...
assembling startup_stm32f10x_hd.s...
compiling misc.c...
compiling stm32f10x_adc.c...
compiling stm32f10x_bkp.c...
compiling stm32f10x_can.c...
compiling stm32f10x_cec.c...
compiling stm32f10x_crc.c...
compiling stm32f10x_dac.c...
compiling stm32f10x_dbgmcu.c...
compiling stm32f10x_dma.c...
compiling stm32f10x_exti.c...
compiling stm32f10x_flash.c...
compiling stm32f10x_fsmc.c...
compiling stm32f10x_gpio.c...
compiling stm32f10x_i2c.c...
compiling stm32f10x_iwdg.c...
compiling stm32f10x_pwr.c...
compiling stm32f10x_rcc.c...
compiling stm32f10x_rtc.c...
compiling stm32f10x_sdio.c...
compiling stm32f10x_spi.c...
compiling stm32f10x_tim.c...
compiling stm32f10x_usart.c...
compiling stm32f10x_wwdg.c...
compiling delay.c...
..\HARDWARE\uart5.h(37): warning:  #1295-D: Deprecated declaration yunsong - give arg types
  void yunsong();
..\USER\action.h(1): warning:  #1295-D: Deprecated declaration zhili - give arg types
  void zhili();
..\USER\action.h(2): warning:  #1295-D: Deprecated declaration r_tai - give arg types
  void r_tai();
..\USER\action.h(3): warning:  #1295-D: Deprecated declaration zhili_w - give arg types
  void zhili_w();
..\USER\action.h(4): warning:  #1295-D: Deprecated declaration zhili_x - give arg types
  void zhili_x();
..\USER\action.h(5): warning:  #1295-D: Deprecated declaration r_tai1_f - give arg types
  void r_tai1_f();
..\USER\action.h(6): warning:  #1295-D: Deprecated declaration r_luo_x - give arg types
  void r_luo_x();
..\USER\action.h(7): warning:  #1295-D: Deprecated declaration l_tai1_x - give arg types
  void l_tai1_x();
..\USER\action.h(8): warning:  #1295-D: Deprecated declaration r_tai2 - give arg types
  void r_tai2();
..\USER\action.h(9): warning:  #1295-D: Deprecated declaration r_luo - give arg types
  void r_luo();
..\USER\action.h(10): warning:  #1295-D: Deprecated declaration l_tai1 - give arg types
  void l_tai1();
..\USER\action.h(11): warning:  #1295-D: Deprecated declaration r_tai2_g - give arg types
  void r_tai2_g();
..\USER\action.h(12): warning:  #1295-D: Deprecated declaration r_luo_g - give arg types
  void r_luo_g();
..\USER\action.h(13): warning:  #1295-D: Deprecated declaration l_tai1_g - give arg types
  void l_tai1_g();
..\USER\action.h(14): warning:  #1295-D: Deprecated declaration l_tai2 - give arg types
  void l_tai2();
..\USER\action.h(15): warning:  #1295-D: Deprecated declaration l_luo - give arg types
  void l_luo();
..\USER\action.h(16): warning:  #1295-D: Deprecated declaration l_luo_z - give arg types
  void l_luo_z();
..\USER\action.h(17): warning:  #1295-D: Deprecated declaration r_tai1 - give arg types
  void r_tai1();
..\USER\action.h(18): warning:  #1295-D: Deprecated declaration l_tai2_g - give arg types
  void l_tai2_g();
..\USER\action.h(19): warning:  #1295-D: Deprecated declaration l_luo_g - give arg types
  void l_luo_g();
..\USER\action.h(20): warning:  #1295-D: Deprecated declaration r_tai1_g - give arg types
  void r_tai1_g();
..\USER\action.h(21): warning:  #1295-D: Deprecated declaration r_tai1_x - give arg types
  void r_tai1_x();
..\USER\action.h(22): warning:  #1295-D: Deprecated declaration l_tai1_d - give arg types
  void l_tai1_d();
..\USER\action.h(23): warning:  #1295-D: Deprecated declaration l_tai2_d - give arg types
  void l_tai2_d();
..\USER\action.h(24): warning:  #1295-D: Deprecated declaration l_luo_d - give arg types
  void  l_luo_d();
..\USER\action.h(25): warning:  #1295-D: Deprecated declaration l_luo_d_w - give arg types
  void l_luo_d_w();
..\USER\action.h(26): warning:  #1295-D: Deprecated declaration r_tai1_d1 - give arg types
  void  r_tai1_d1();
..\USER\action.h(27): warning:  #1295-D: Deprecated declaration r_tai1_d2 - give arg types
  void r_tai1_d2();
..\USER\action.h(28): warning:  #1295-D: Deprecated declaration r_tai1_d3 - give arg types
  void  r_tai1_d3();
..\USER\action.h(29): warning:  #1295-D: Deprecated declaration r_tai1_d4 - give arg types
  void  r_tai1_d4();
..\USER\action.h(30): warning:  #1-D: last line of file ends without a newline
  void  r_tai1_f();
..\USER\action.h(30): warning:  #1295-D: Deprecated declaration r_tai1_f - give arg types
  void  r_tai1_f();
..\SYSTEM\delay\delay.c: 32 warnings, 0 errors
compiling sys.c...
..\HARDWARE\uart5.h(37): warning:  #1295-D: Deprecated declaration yunsong - give arg types
  void yunsong();
..\USER\action.h(1): warning:  #1295-D: Deprecated declaration zhili - give arg types
  void zhili();
..\USER\action.h(2): warning:  #1295-D: Deprecated declaration r_tai - give arg types
  void r_tai();
..\USER\action.h(3): warning:  #1295-D: Deprecated declaration zhili_w - give arg types
  void zhili_w();
..\USER\action.h(4): warning:  #1295-D: Deprecated declaration zhili_x - give arg types
  void zhili_x();
..\USER\action.h(5): warning:  #1295-D: Deprecated declaration r_tai1_f - give arg types
  void r_tai1_f();
..\USER\action.h(6): warning:  #1295-D: Deprecated declaration r_luo_x - give arg types
  void r_luo_x();
..\USER\action.h(7): warning:  #1295-D: Deprecated declaration l_tai1_x - give arg types
  void l_tai1_x();
..\USER\action.h(8): warning:  #1295-D: Deprecated declaration r_tai2 - give arg types
  void r_tai2();
..\USER\action.h(9): warning:  #1295-D: Deprecated declaration r_luo - give arg types
  void r_luo();
..\USER\action.h(10): warning:  #1295-D: Deprecated declaration l_tai1 - give arg types
  void l_tai1();
..\USER\action.h(11): warning:  #1295-D: Deprecated declaration r_tai2_g - give arg types
  void r_tai2_g();
..\USER\action.h(12): warning:  #1295-D: Deprecated declaration r_luo_g - give arg types
  void r_luo_g();
..\USER\action.h(13): warning:  #1295-D: Deprecated declaration l_tai1_g - give arg types
  void l_tai1_g();
..\USER\action.h(14): warning:  #1295-D: Deprecated declaration l_tai2 - give arg types
  void l_tai2();
..\USER\action.h(15): warning:  #1295-D: Deprecated declaration l_luo - give arg types
  void l_luo();
..\USER\action.h(16): warning:  #1295-D: Deprecated declaration l_luo_z - give arg types
  void l_luo_z();
..\USER\action.h(17): warning:  #1295-D: Deprecated declaration r_tai1 - give arg types
  void r_tai1();
..\USER\action.h(18): warning:  #1295-D: Deprecated declaration l_tai2_g - give arg types
  void l_tai2_g();
..\USER\action.h(19): warning:  #1295-D: Deprecated declaration l_luo_g - give arg types
  void l_luo_g();
..\USER\action.h(20): warning:  #1295-D: Deprecated declaration r_tai1_g - give arg types
  void r_tai1_g();
..\USER\action.h(21): warning:  #1295-D: Deprecated declaration r_tai1_x - give arg types
  void r_tai1_x();
..\USER\action.h(22): warning:  #1295-D: Deprecated declaration l_tai1_d - give arg types
  void l_tai1_d();
..\USER\action.h(23): warning:  #1295-D: Deprecated declaration l_tai2_d - give arg types
  void l_tai2_d();
..\USER\action.h(24): warning:  #1295-D: Deprecated declaration l_luo_d - give arg types
  void  l_luo_d();
..\USER\action.h(25): warning:  #1295-D: Deprecated declaration l_luo_d_w - give arg types
  void l_luo_d_w();
..\USER\action.h(26): warning:  #1295-D: Deprecated declaration r_tai1_d1 - give arg types
  void  r_tai1_d1();
..\USER\action.h(27): warning:  #1295-D: Deprecated declaration r_tai1_d2 - give arg types
  void r_tai1_d2();
..\USER\action.h(28): warning:  #1295-D: Deprecated declaration r_tai1_d3 - give arg types
  void  r_tai1_d3();
..\USER\action.h(29): warning:  #1295-D: Deprecated declaration r_tai1_d4 - give arg types
  void  r_tai1_d4();
..\USER\action.h(30): warning:  #1-D: last line of file ends without a newline
  void  r_tai1_f();
..\USER\action.h(30): warning:  #1295-D: Deprecated declaration r_tai1_f - give arg types
  void  r_tai1_f();
..\SYSTEM\sys\sys.c: 32 warnings, 0 errors
compiling led.c...
compiling timer.c...
..\HARDWARE\uart5.h(37): warning:  #1295-D: Deprecated declaration yunsong - give arg types
  void yunsong();
..\USER\action.h(1): warning:  #1295-D: Deprecated declaration zhili - give arg types
  void zhili();
..\USER\action.h(2): warning:  #1295-D: Deprecated declaration r_tai - give arg types
  void r_tai();
..\USER\action.h(3): warning:  #1295-D: Deprecated declaration zhili_w - give arg types
  void zhili_w();
..\USER\action.h(4): warning:  #1295-D: Deprecated declaration zhili_x - give arg types
  void zhili_x();
..\USER\action.h(5): warning:  #1295-D: Deprecated declaration r_tai1_f - give arg types
  void r_tai1_f();
..\USER\action.h(6): warning:  #1295-D: Deprecated declaration r_luo_x - give arg types
  void r_luo_x();
..\USER\action.h(7): warning:  #1295-D: Deprecated declaration l_tai1_x - give arg types
  void l_tai1_x();
..\USER\action.h(8): warning:  #1295-D: Deprecated declaration r_tai2 - give arg types
  void r_tai2();
..\USER\action.h(9): warning:  #1295-D: Deprecated declaration r_luo - give arg types
  void r_luo();
..\USER\action.h(10): warning:  #1295-D: Deprecated declaration l_tai1 - give arg types
  void l_tai1();
..\USER\action.h(11): warning:  #1295-D: Deprecated declaration r_tai2_g - give arg types
  void r_tai2_g();
..\USER\action.h(12): warning:  #1295-D: Deprecated declaration r_luo_g - give arg types
  void r_luo_g();
..\USER\action.h(13): warning:  #1295-D: Deprecated declaration l_tai1_g - give arg types
  void l_tai1_g();
..\USER\action.h(14): warning:  #1295-D: Deprecated declaration l_tai2 - give arg types
  void l_tai2();
..\USER\action.h(15): warning:  #1295-D: Deprecated declaration l_luo - give arg types
  void l_luo();
..\USER\action.h(16): warning:  #1295-D: Deprecated declaration l_luo_z - give arg types
  void l_luo_z();
..\USER\action.h(17): warning:  #1295-D: Deprecated declaration r_tai1 - give arg types
  void r_tai1();
..\USER\action.h(18): warning:  #1295-D: Deprecated declaration l_tai2_g - give arg types
  void l_tai2_g();
..\USER\action.h(19): warning:  #1295-D: Deprecated declaration l_luo_g - give arg types
  void l_luo_g();
..\USER\action.h(20): warning:  #1295-D: Deprecated declaration r_tai1_g - give arg types
  void r_tai1_g();
..\USER\action.h(21): warning:  #1295-D: Deprecated declaration r_tai1_x - give arg types
  void r_tai1_x();
..\USER\action.h(22): warning:  #1295-D: Deprecated declaration l_tai1_d - give arg types
  void l_tai1_d();
..\USER\action.h(23): warning:  #1295-D: Deprecated declaration l_tai2_d - give arg types
  void l_tai2_d();
..\USER\action.h(24): warning:  #1295-D: Deprecated declaration l_luo_d - give arg types
  void  l_luo_d();
..\USER\action.h(25): warning:  #1295-D: Deprecated declaration l_luo_d_w - give arg types
  void l_luo_d_w();
..\USER\action.h(26): warning:  #1295-D: Deprecated declaration r_tai1_d1 - give arg types
  void  r_tai1_d1();
..\USER\action.h(27): warning:  #1295-D: Deprecated declaration r_tai1_d2 - give arg types
  void r_tai1_d2();
..\USER\action.h(28): warning:  #1295-D: Deprecated declaration r_tai1_d3 - give arg types
  void  r_tai1_d3();
..\USER\action.h(29): warning:  #1295-D: Deprecated declaration r_tai1_d4 - give arg types
  void  r_tai1_d4();
..\USER\action.h(30): warning:  #1-D: last line of file ends without a newline
  void  r_tai1_f();
..\USER\action.h(30): warning:  #1295-D: Deprecated declaration r_tai1_f - give arg types
  void  r_tai1_f();
..\HARDWARE\timer.c: 32 warnings, 0 errors
compiling uart5.c...
..\HARDWARE\uart5.h(37): warning:  #1295-D: Deprecated declaration yunsong - give arg types
  void yunsong();
..\USER\action.h(1): warning:  #1295-D: Deprecated declaration zhili - give arg types
  void zhili();
..\USER\action.h(2): warning:  #1295-D: Deprecated declaration r_tai - give arg types
  void r_tai();
..\USER\action.h(3): warning:  #1295-D: Deprecated declaration zhili_w - give arg types
  void zhili_w();
..\USER\action.h(4): warning:  #1295-D: Deprecated declaration zhili_x - give arg types
  void zhili_x();
..\USER\action.h(5): warning:  #1295-D: Deprecated declaration r_tai1_f - give arg types
  void r_tai1_f();
..\USER\action.h(6): warning:  #1295-D: Deprecated declaration r_luo_x - give arg types
  void r_luo_x();
..\USER\action.h(7): warning:  #1295-D: Deprecated declaration l_tai1_x - give arg types
  void l_tai1_x();
..\USER\action.h(8): warning:  #1295-D: Deprecated declaration r_tai2 - give arg types
  void r_tai2();
..\USER\action.h(9): warning:  #1295-D: Deprecated declaration r_luo - give arg types
  void r_luo();
..\USER\action.h(10): warning:  #1295-D: Deprecated declaration l_tai1 - give arg types
  void l_tai1();
..\USER\action.h(11): warning:  #1295-D: Deprecated declaration r_tai2_g - give arg types
  void r_tai2_g();
..\USER\action.h(12): warning:  #1295-D: Deprecated declaration r_luo_g - give arg types
  void r_luo_g();
..\USER\action.h(13): warning:  #1295-D: Deprecated declaration l_tai1_g - give arg types
  void l_tai1_g();
..\USER\action.h(14): warning:  #1295-D: Deprecated declaration l_tai2 - give arg types
  void l_tai2();
..\USER\action.h(15): warning:  #1295-D: Deprecated declaration l_luo - give arg types
  void l_luo();
..\USER\action.h(16): warning:  #1295-D: Deprecated declaration l_luo_z - give arg types
  void l_luo_z();
..\USER\action.h(17): warning:  #1295-D: Deprecated declaration r_tai1 - give arg types
  void r_tai1();
..\USER\action.h(18): warning:  #1295-D: Deprecated declaration l_tai2_g - give arg types
  void l_tai2_g();
..\USER\action.h(19): warning:  #1295-D: Deprecated declaration l_luo_g - give arg types
  void l_luo_g();
..\USER\action.h(20): warning:  #1295-D: Deprecated declaration r_tai1_g - give arg types
  void r_tai1_g();
..\USER\action.h(21): warning:  #1295-D: Deprecated declaration r_tai1_x - give arg types
  void r_tai1_x();
..\USER\action.h(22): warning:  #1295-D: Deprecated declaration l_tai1_d - give arg types
  void l_tai1_d();
..\USER\action.h(23): warning:  #1295-D: Deprecated declaration l_tai2_d - give arg types
  void l_tai2_d();
..\USER\action.h(24): warning:  #1295-D: Deprecated declaration l_luo_d - give arg types
  void  l_luo_d();
..\USER\action.h(25): warning:  #1295-D: Deprecated declaration l_luo_d_w - give arg types
  void l_luo_d_w();
..\USER\action.h(26): warning:  #1295-D: Deprecated declaration r_tai1_d1 - give arg types
  void  r_tai1_d1();
..\USER\action.h(27): warning:  #1295-D: Deprecated declaration r_tai1_d2 - give arg types
  void r_tai1_d2();
..\USER\action.h(28): warning:  #1295-D: Deprecated declaration r_tai1_d3 - give arg types
  void  r_tai1_d3();
..\USER\action.h(29): warning:  #1295-D: Deprecated declaration r_tai1_d4 - give arg types
  void  r_tai1_d4();
..\USER\action.h(30): warning:  #1-D: last line of file ends without a newline
  void  r_tai1_f();
..\USER\action.h(30): warning:  #1295-D: Deprecated declaration r_tai1_f - give arg types
  void  r_tai1_f();
..\HARDWARE\uart5.c(17): warning:  #177-D: variable "NVIC_InitStructure" was declared but never referenced
                NVIC_InitTypeDef NVIC_InitStructure;
..\HARDWARE\uart5.c(48): warning:  #177-D: variable "Res" was declared but never referenced
        u8 Res;
..\HARDWARE\uart5.c(318): warning:  #1-D: last line of file ends without a newline
  }
..\HARDWARE\uart5.c: 35 warnings, 0 errors
compiling usart1.c...
..\HARDWARE\uart5.h(37): warning:  #1295-D: Deprecated declaration yunsong - give arg types
  void yunsong();
..\USER\action.h(1): warning:  #1295-D: Deprecated declaration zhili - give arg types
  void zhili();
..\USER\action.h(2): warning:  #1295-D: Deprecated declaration r_tai - give arg types
  void r_tai();
..\USER\action.h(3): warning:  #1295-D: Deprecated declaration zhili_w - give arg types
  void zhili_w();
..\USER\action.h(4): warning:  #1295-D: Deprecated declaration zhili_x - give arg types
  void zhili_x();
..\USER\action.h(5): warning:  #1295-D: Deprecated declaration r_tai1_f - give arg types
  void r_tai1_f();
..\USER\action.h(6): warning:  #1295-D: Deprecated declaration r_luo_x - give arg types
  void r_luo_x();
..\USER\action.h(7): warning:  #1295-D: Deprecated declaration l_tai1_x - give arg types
  void l_tai1_x();
..\USER\action.h(8): warning:  #1295-D: Deprecated declaration r_tai2 - give arg types
  void r_tai2();
..\USER\action.h(9): warning:  #1295-D: Deprecated declaration r_luo - give arg types
  void r_luo();
..\USER\action.h(10): warning:  #1295-D: Deprecated declaration l_tai1 - give arg types
  void l_tai1();
..\USER\action.h(11): warning:  #1295-D: Deprecated declaration r_tai2_g - give arg types
  void r_tai2_g();
..\USER\action.h(12): warning:  #1295-D: Deprecated declaration r_luo_g - give arg types
  void r_luo_g();
..\USER\action.h(13): warning:  #1295-D: Deprecated declaration l_tai1_g - give arg types
  void l_tai1_g();
..\USER\action.h(14): warning:  #1295-D: Deprecated declaration l_tai2 - give arg types
  void l_tai2();
..\USER\action.h(15): warning:  #1295-D: Deprecated declaration l_luo - give arg types
  void l_luo();
..\USER\action.h(16): warning:  #1295-D: Deprecated declaration l_luo_z - give arg types
  void l_luo_z();
..\USER\action.h(17): warning:  #1295-D: Deprecated declaration r_tai1 - give arg types
  void r_tai1();
..\USER\action.h(18): warning:  #1295-D: Deprecated declaration l_tai2_g - give arg types
  void l_tai2_g();
..\USER\action.h(19): warning:  #1295-D: Deprecated declaration l_luo_g - give arg types
  void l_luo_g();
..\USER\action.h(20): warning:  #1295-D: Deprecated declaration r_tai1_g - give arg types
  void r_tai1_g();
..\USER\action.h(21): warning:  #1295-D: Deprecated declaration r_tai1_x - give arg types
  void r_tai1_x();
..\USER\action.h(22): warning:  #1295-D: Deprecated declaration l_tai1_d - give arg types
  void l_tai1_d();
..\USER\action.h(23): warning:  #1295-D: Deprecated declaration l_tai2_d - give arg types
  void l_tai2_d();
..\USER\action.h(24): warning:  #1295-D: Deprecated declaration l_luo_d - give arg types
  void  l_luo_d();
..\USER\action.h(25): warning:  #1295-D: Deprecated declaration l_luo_d_w - give arg types
  void l_luo_d_w();
..\USER\action.h(26): warning:  #1295-D: Deprecated declaration r_tai1_d1 - give arg types
  void  r_tai1_d1();
..\USER\action.h(27): warning:  #1295-D: Deprecated declaration r_tai1_d2 - give arg types
  void r_tai1_d2();
..\USER\action.h(28): warning:  #1295-D: Deprecated declaration r_tai1_d3 - give arg types
  void  r_tai1_d3();
..\USER\action.h(29): warning:  #1295-D: Deprecated declaration r_tai1_d4 - give arg types
  void  r_tai1_d4();
..\USER\action.h(30): warning:  #1-D: last line of file ends without a newline
  void  r_tai1_f();
..\USER\action.h(30): warning:  #1295-D: Deprecated declaration r_tai1_f - give arg types
  void  r_tai1_f();
..\HARDWARE\usart1.c: 32 warnings, 0 errors
linking...
Program Size: Code=20784 RO-data=336 RW-data=212 ZI-data=1700  
FromELF: creating hex file...
"..\OBJ\Template.axf" - 0 Error(s), 343 Warning(s).
